// Vitest Snapshot v1

exports[`Menu Component > should render menu on desktop 1`] = `
.c0 svg {
  margin: auto;
}

.c1 a,
.c1 span {
  display: block;
  padding: 1rem 2.5rem;
  width: 100%;
  cursor: pointer;
}

.c2 {
  --tw-bg-opacity: 1;
  background-color: rgb(8 253 216 / var(--tw-bg-opacity));
}

.c2 a {
  --tw-text-opacity: 1;
  color: rgb(0 3 44 / var(--tw-text-opacity));
}

<div>
  <menu
    aria-label="Mobile Menu"
    class="fixed text-center text-gray-500 h-16"
  >
    <div
      class="bg-slate-800 flex flex-row justify-between items-center w-screen"
    >
      <div
        class="w-12 h-12 my-2 mx-4 cursor-pointer"
      >
        <div
          aria-label="Logotipo"
          class="c0 text-gray-500 w-fit h-fit flex flex-col items-center text-center"
        >
          <a
            href="/"
          >
            <svg
              class="w-full"
              fill="none"
              viewBox="0 0 152 152"
              xmlns="http://www.w3.org/2000/svg"
            >
              <circle
                cx="76"
                cy="76"
                r="74"
                stroke="url(#a)"
                stroke-width="4"
              />
              <path
                d="M81.5 62.5h39a5 5 0 0 1 5 5v17a5 5 0 0 1-5 5H91.543"
                stroke="#EF5321"
                stroke-width="3"
              />
              <path
                clip-rule="evenodd"
                d="M34.5 41a6.5 6.5 0 0 0-6.5 6.5v58a6.5 6.5 0 0 0 6.5 6.5h71a6.5 6.5 0 0 0 6.5-6.5v-15h-3v15a3.5 3.5 0 0 1-3.5 3.5h-71a3.5 3.5 0 0 1-3.5-3.5v-58a3.5 3.5 0 0 1 3.5-3.5h71a3.5 3.5 0 0 1 3.5 3.5v14h3v-14a6.5 6.5 0 0 0-6.5-6.5h-71Z"
                fill="#EF5321"
                fill-rule="evenodd"
              />
              <circle
                cx="75"
                cy="63"
                r="6"
                stroke="#EF5321"
                stroke-width="3"
              />
              <circle
                cx="54"
                cy="76"
                r="6"
                stroke="#EF5321"
                stroke-width="3"
              />
              <path
                d="M60 75.5h45"
                stroke="#EF5321"
                stroke-width="3"
              />
              <circle
                cx="111"
                cy="76"
                r="6"
                stroke="#EF5321"
                stroke-width="3"
              />
              <circle
                cx="85"
                cy="90"
                r="6"
                stroke="#EF5321"
                stroke-width="3"
              />
              <defs>
                <lineargradient
                  gradientUnits="userSpaceOnUse"
                  id="a"
                  x1="152"
                  x2="4.102"
                  y1="0"
                  y2="155.891"
                >
                  <stop
                    offset=".132"
                    stop-color="#212121"
                  />
                  <stop
                    offset="1"
                    stop-color="#3A3A41"
                  />
                </lineargradient>
              </defs>
            </svg>
          </a>
        </div>
      </div>
      <div
        class="w-12 h-12 my-2 mx-4 cursor-pointer"
      >
        <svg
          fill="none"
          stroke="currentColor"
          stroke-width="1.5"
          viewBox="0 0 24 24"
          xmlns="http://www.w3.org/2000/svg"
        >
          <path
            d="M3.75 6.75h16.5M3.75 12h16.5m-16.5 5.25h16.5"
            stroke-linecap="round"
            stroke-linejoin="round"
          />
        </svg>
      </div>
    </div>
    <div
      class="h-[calc(100vh-4rem)] w-screen bg-slate-800 flex flex-col transition-opacity duration-300 opacity-0 pointer-events-none z-0"
    >
      <nav
        class="text-lg h-full flex flex-col justify-center -mt-4"
      >
        <ul
          class="list-reset border-slate-700 border-y-2 divide-y divide-slate-700 font-semibold"
        >
          <li
            class="c1"
          >
            <a
              class="text-mck_aqua"
              href="/about"
            >
              Sobre
            </a>
          </li>
          <li
            class="c1"
          >
            <a
              class="text-gray-500"
              href="/skills"
            >
              Habilidades
            </a>
          </li>
          <li
            class="c1"
          >
            <a
              class="text-gray-500"
              href="/projects"
            >
              Projetos
            </a>
          </li>
          <li
            class="c1"
          >
            <a
              class="text-gray-500"
              href="/contact"
            >
              Contato
            </a>
          </li>
          <li
            class="c1 c2"
          >
            <a
              href="/login"
            >
              Entrar
            </a>
          </li>
        </ul>
      </nav>
      <div
        class="flex flex-row justify-around py-2 absolute bottom-0 w-full"
      >
        <a
          class="w-6 text-inherit"
          href="https://github.com/mckatoo"
          rel="noreferrer"
          target="_blank"
        />
        <a
          class="w-6 text-inherit"
          href="https://youtube.com/mckatoo"
          rel="noreferrer"
          target="_blank"
        />
        <a
          class="w-6 text-inherit"
          href="https://linkedin.com/in/mckatoo"
          rel="noreferrer"
          target="_blank"
        />
      </div>
    </div>
  </menu>
</div>
`
