// Vitest Snapshot v1

exports[`<TextField /> > Renders with error 1`] = `
.c7 {
  display: inline-block;
  vertical-align: middle;
  overflow: hidden;
}

.c4 {
  display: -webkit-box;
  display: -webkit-flex;
  display: -ms-flexbox;
  display: flex;
  -webkit-align-items: center;
  -webkit-box-align: center;
  -ms-flex-align: center;
  align-items: center;
  background: #e5e7eb;
  border-radius: 0.2rem;
  padding: 0 0.4rem;
  border: 0.2rem solid;
  border-color: #e5e7eb;
}

.c4:focus-within {
  box-shadow: 0 0 0.5rem #1e293b;
}

.c8 {
  color: #00021f;
  font-family: 'Oswald','Helvetica','Arial','sans-serif';
  font-size: 0.9rem;
  padding: 0.4rem 0;
  padding-left: 0.4rem;
  background: transparent;
  border: 0;
  outline: none;
  width: 100%;
}

.c8:-webkit-autofill {
  -webkit-box-shadow: 0 0 0 0.6rem #e5e7eb inset;
  -webkit-filter: none;
  filter: none;
}

.c8:-webkit-autofill::first-line {
  font-family: 'Oswald','Helvetica','Arial','sans-serif';
  font-size: 0.9rem;
}

.c2 {
  font-size: 0.9rem;
  color: #00021f;
  cursor: pointer;
}

.c6 {
  display: -webkit-box;
  display: -webkit-flex;
  display: -ms-flexbox;
  display: flex;
  color: #8F8F8F;
  -webkit-order: 0;
  -ms-flex-order: 0;
  order: 0;
}

.c6 > svg {
  width: 1.2rem;
  height: 100%;
}

.c9 {
  color: #ff2a2a;
  font-size: 0.6rem;
}

.c0 .c3 {
  border-color: #ff2a2a;
}

.c0 .c5,
.c0 .c1 {
  color: #ff2a2a;
}

<div
  class="c0"
>
  <label
    class="c1 c2"
    for="username"
  >
    TextField
  </label>
  <div
    class="c3 c4"
  >
    <div
      class="c5 c6"
    >
      <svg
        aria-hidden="true"
        class="c7"
        data-testid="icon"
        fill="currentColor"
        focusable="false"
        viewBox="0 0 24 24"
        xmlns="http://www.w3.org/2000/svg"
      >
        <path
          d="M0 0h24v24H0V0z"
          fill="none"
        />
        <path
          d="M22 6c0-1.1-.9-2-2-2H4c-1.1 0-2 .9-2 2v12c0 1.1.9 2 2 2h16c1.1 0 2-.9 2-2V6zm-2 0-8 5-8-5h16zm0 12H4V8l8 5 8-5v10z"
        />
      </svg>
    </div>
    <input
      class="c8"
      id="username"
      name="username"
      type="text"
      value=""
    />
  </div>
  <p
    class="c9"
  >
    Error message
  </p>
</div>
`
